No path available or path is empty.
